causalsmith: Stage 0-SOLVE unit thm:clean-temperature-feature-upper wrote invalid solve JSON at /<repo-root>/CausalSmith/doc/research/active/stat_reversekl_two_coverage/discovery/solve_thm_clean_temperature_feature_upper.json: [
  {
    "received": "nearest-estimator-comparator-not-implication",
    "code": "invalid_enum_value",
    "options": [
      "strict_tightening",
      "iff_frontier",
      "equivalence",
      "non_representability",
      "downgraded_to_informed_by",
      "dropped_from_abstract"
    ],
    "path": [
      "proposed_core_edits",
      0,
      "proposed",
      2,
      "match_kind"
    ],
    "message": "Invalid enum value. Expected 'strict_tightening' | 'iff_frontier' | 'equivalence' | 'non_representability' | 'downgraded_to_informed_by' | 'dropped_from_abstract', received 'nearest-estimator-comparator-not-implication'"
  },
  {
    "received": "conceptual-overlap-specialized-beyond",
    "code": "invalid_enum_value",
    "options": [
      "strict_tightening",
      "iff_frontier",
      "equivalence",
      "non_representability",
      "downgraded_to_informed_by",
      "dropped_from_abstract"
    ],
    "path": [
      "proposed_core_edits",
      0,
      "proposed",
      3,
      "match_kind"
    ],
    "message": "Invalid enum value. Expected 'strict_tightening' | 'iff_frontier' | 'equivalence' | 'non_representability' | 'downgraded_to_informed_by' | 'dropped_from_abstract', received 'conceptual-overlap-specialized-beyond'"
  },
  {
    "received": "methodological-precedent-not-specialized-result",
    "code": "invalid_enum_value",
    "options": [
      "strict_tightening",
      "iff_frontier",
      "equivalence",
      "non_representability",
      "downgraded_to_informed_by",
      "dropped_from_abstract"
    ],
    "path": [
      "proposed_core_edits",
      0,
      "proposed",
      4,
      "match_kind"
    ],
    "message": "Invalid enum value. Expected 'strict_tightening' | 'iff_frontier' | 'equivalence' | 'non_representability' | 'downgraded_to_informed_by' | 'dropped_from_abstract', received 'methodological-precedent-not-specialized-result'"
  },
  {
    "received": "adjacent-fixed-design-objective-differs",
    "code": "invalid_enum_value",
    "options": [
      "strict_tightening",
      "iff_frontier",
      "equivalence",
      "non_representability",
      "downgraded_to_informed_by",
      "dropped_from_abstract"
    ],
    "path": [
      "proposed_core_edits",
      0,
      "proposed",
      5,
      "match_kind"
    ],
    "message": "Invalid enum value. Expected 'strict_tightening' | 'iff_frontier' | 'equivalence' | 'non_representability' | 'downgraded_to_informed_by' | 'dropped_from_abstract', received 'adjacent-fixed-design-objective-differs'"
  }
]
npm notice
npm notice New major version of npm available! 10.8.2 -> 12.0.1
npm notice Changelog: https://github.com/npm/cli/releases/tag/v12.0.1
npm notice To update run: npm install -g npm@12.0.1
npm notice
