This is METAFONT, Version 2.71828182 (preloaded base=mf 2026.7.31)  27 AUG 2026 17:44
**\mode:=ljfour; mag:=0+480/600; nonstopmode; input bskma10

(<data-home>/texlive/current/texmf-dist/fonts/source/public/b
oisik/bskma10.mf
(<data-home>/texlive/current/texmf-dist/fonts/source/public/b
oisik/bskbase.mf)
(<data-home>/texlive/current/texmf-dist/fonts/source/public/b
oisik/bskmathma.mf
(<data-home>/texlive/current/texmf-dist/fonts/source/public/b
oisik/bsklist-ma.mf)
(<data-home>/texlive/current/texmf-dist/fonts/source/public/b
oisik/bsksymbols.mf [253] [132] [130] [129] [128] [131] [244] [60] [61]
[245] [232] [139] [62] [63] [243] [220] [221] [216] [217] [218] [219] [211]
[210] [208] [209] [228] [191] [178] [179] [176] [175] [177] [190] [247]
[143] [251] [142] [252] [206] [248] [207] [249] [250] [180] [186] [188]
[181] [187] [189] [184] [182] [184] [254] [185] [183] [185] [229] [140]
[141] [246] [134] [233] [96] [64] [145] [146] [150] [144] [149] [148] [147]
[151] [152] [153] [154] [155] [58] [59] [162] [156] [161] [157] [158] [160]
[159] [164] [165] [163] [166] [167] [168] [173] [174] [169] [170] [172]
[171] [136] [137] [138] [240] [241] [135] [234] [235] [224] [196] [197]
[192] [193] [194] [195] [198] [199] [200] [201] [202] [203] [204] [205]
[224] [225] [226] [227] [133] [255] [238] [239] [212] [213] [214] [215]
[231] [230] [237] [236] [222] [223] [242])
(<data-home>/texlive/current/texmf-dist/fonts/source/public/b
oisik/bskletters-r.mf [65] [66] [67] [68] [69] [70] [71] [72] [73] [74]
[75] [76] [77] [78] [79] [80] [81] [82] [83] [84] [85] [86] [87] [88] [89]
[90] [97] [98] [99] [100] [101] [102] [103] [104] [123] [105] [124] [106]
[107] [108] [109] [110] [111] [112] [113] [114] [115] [116] [117] [118]
[119] [120] [121] [122] [48] [49] [50] [51] [52] [53] [54] [55] [56] [57])
(<data-home>/texlive/current/texmf-dist/fonts/source/public/b
oisik/bskletters-o.mf [0] [92] [1] [91] [2] [3] [4] [5] [6] [7] [8] [9]
[10] [94] [95] [93] [127] [11] [12] [47] [13] [41] [14] [15] [126] [34]
[16] [17] [40] [18] [35] [19] [125] [20] [46] [21] [22] [23] [24] [25] [36]
[26] [37]
! The paths don't intersect.
<to be read again> 
                   ;
intersectionpoint->...The paths don't intersect");
                                                  origin.else:0.5[point.x_.o...
<to be read again> 
                   )
bsktouch->...d(max(1,0.5currentbreadth)*(EXPR5))))
                                                  endgroup
l.4362 ...subpath(2,infinity) of p0,down,p1,right)
                                                  ;
This error message was generated by an `errmessage'
command, so I can't give any explicit help.
Pretend that you're Miss Marple: Examine all clues,
and deduce the truth by inspired guesses.

[27] [38] [28] [29] [30] [39] [31] [32] [33] [43] [44] [42] [45]) ) )
(some chardp values had to be adjusted by as much as 0.07257pt)
Font metrics written on bskma10.tfm.
Output written on bskma10.480gf (259 characters, 41240 bytes).
